,Begin Time - ss.msec,End Time - ss.msec,Common Ground,Utterance,Start,End,Group,Participant,Transcript
0,30.9,34.59,red = 10,5,30.9,33.5,7,4,I will tell you that the red cube is ten grams
1,107.31,109.09,blue = 10,21,107.31,109.09,7,2,blue block seems to be ten
3,139.87,142.15,green = 20,34,139.87,142.15,7,3,"yeah red block, blue block should be twenty as well"
6,152.57,153.59,green + red + blue = 40,40,152.57,153.59,7,1,"now red block, blue block, green block's forty"
7,179.32,181.84,purple = 30,48,179.32,181.84,7,3,yeah i think purple block's yeah thirty
8,192.91,194.92,green = 20 and purple = 30,53,192.91,194.92,7,2,So is twenty and there is thirty
9,212.92,213.95,yellow = 50,59,212.92,213.95,7,2,Fifty I guess
12,395.75,397.25,yellow = 50,116,394.03,397.25,7,1,ah yeah because yeah so yellow block's fifty
16,458.08,458.84,yellow = 50,133,457.21,458.84,7,2,no okay i think yellow block's fifty
